[0.343s] Invoking command in '/home/kifelix/alexx_ws/src/alexx_py': PYTHONPATH=/home/kifelix/alexx_ws/build/alexx_py/prefix_override:/usr/lib/python3/dist-packages/colcon_core/task/python/colcon_distutils_commands:/home/kifelix/alexx_ws/install/alexx_py/lib/python3.10/site-packages:${PYTHONPATH} /usr/bin/python3 -W ignore:setup.py install is deprecated -W ignore:easy_install command is deprecated setup.py egg_info --egg-base ../../build/alexx_py build --build-base /home/kifelix/alexx_ws/build/alexx_py/build install --record /home/kifelix/alexx_ws/build/alexx_py/install.log --single-version-externally-managed install_data
[0.466s] running egg_info
[0.466s] writing ../../build/alexx_py/alexx_py.egg-info/PKG-INFO
[0.467s] writing dependency_links to ../../build/alexx_py/alexx_py.egg-info/dependency_links.txt
[0.467s] writing entry points to ../../build/alexx_py/alexx_py.egg-info/entry_points.txt
[0.467s] writing requirements to ../../build/alexx_py/alexx_py.egg-info/requires.txt
[0.467s] writing top-level names to ../../build/alexx_py/alexx_py.egg-info/top_level.txt
[0.468s] reading manifest file '../../build/alexx_py/alexx_py.egg-info/SOURCES.txt'
[0.469s] writing manifest file '../../build/alexx_py/alexx_py.egg-info/SOURCES.txt'
[0.469s] running build
[0.469s] running build_py
[0.469s] copying alexx_py/rota1_teste.py -> /home/kifelix/alexx_ws/build/alexx_py/build/lib/alexx_py
[0.469s] running install
[0.469s] running install_lib
[0.470s] copying /home/kifelix/alexx_ws/build/alexx_py/build/lib/alexx_py/rota1_teste.py -> /home/kifelix/alexx_ws/install/alexx_py/lib/python3.10/site-packages/alexx_py
[0.470s] byte-compiling /home/kifelix/alexx_ws/install/alexx_py/lib/python3.10/site-packages/alexx_py/rota1_teste.py to rota1_teste.cpython-310.pyc
[0.470s] running install_data
[0.470s] running install_egg_info
[0.471s] removing '/home/kifelix/alexx_ws/install/alexx_py/lib/python3.10/site-packages/alexx_py-0.0.0-py3.10.egg-info' (and everything under it)
[0.471s] Copying ../../build/alexx_py/alexx_py.egg-info to /home/kifelix/alexx_ws/install/alexx_py/lib/python3.10/site-packages/alexx_py-0.0.0-py3.10.egg-info
[0.472s] running install_scripts
[0.485s] Installing rota1_teste script to /home/kifelix/alexx_ws/install/alexx_py/lib/alexx_py
[0.485s] writing list of installed files to '/home/kifelix/alexx_ws/build/alexx_py/install.log'
[0.499s] Invoked command in '/home/kifelix/alexx_ws/src/alexx_py' returned '0': PYTHONPATH=/home/kifelix/alexx_ws/build/alexx_py/prefix_override:/usr/lib/python3/dist-packages/colcon_core/task/python/colcon_distutils_commands:/home/kifelix/alexx_ws/install/alexx_py/lib/python3.10/site-packages:${PYTHONPATH} /usr/bin/python3 -W ignore:setup.py install is deprecated -W ignore:easy_install command is deprecated setup.py egg_info --egg-base ../../build/alexx_py build --build-base /home/kifelix/alexx_ws/build/alexx_py/build install --record /home/kifelix/alexx_ws/build/alexx_py/install.log --single-version-externally-managed install_data
