[0.332s] Invoking command in '/home/kifelix/alexx_ws/build/alexx_py': PYTHONPATH=/home/kifelix/alexx_ws/build/alexx_py/prefix_override:/usr/lib/python3/dist-packages/colcon_core/task/python/colcon_distutils_commands:/home/kifelix/alexx_ws/install/alexx_py/lib/python3.10/site-packages:${PYTHONPATH} /usr/bin/python3 -W ignore:setup.py install is deprecated -W ignore:easy_install command is deprecated setup.py develop --editable --build-directory /home/kifelix/alexx_ws/build/alexx_py/build --no-deps symlink_data
[0.471s] running develop
[0.551s] running egg_info
[0.551s] writing alexx_py.egg-info/PKG-INFO
[0.551s] writing dependency_links to alexx_py.egg-info/dependency_links.txt
[0.551s] writing entry points to alexx_py.egg-info/entry_points.txt
[0.551s] writing requirements to alexx_py.egg-info/requires.txt
[0.551s] writing top-level names to alexx_py.egg-info/top_level.txt
[0.552s] reading manifest file 'alexx_py.egg-info/SOURCES.txt'
[0.552s] writing manifest file 'alexx_py.egg-info/SOURCES.txt'
[0.553s] running build_ext
[0.553s] Creating /home/kifelix/alexx_ws/install/alexx_py/lib/python3.10/site-packages/alexx-py.egg-link (link to .)
[0.554s] Installing control_node script to /home/kifelix/alexx_ws/install/alexx_py/lib/alexx_py
[0.554s] Installing rota1_teste script to /home/kifelix/alexx_ws/install/alexx_py/lib/alexx_py
[0.554s] Installing rota1_teste_odom script to /home/kifelix/alexx_ws/install/alexx_py/lib/alexx_py
[0.554s] Installing rota1_teste_odom_2 script to /home/kifelix/alexx_ws/install/alexx_py/lib/alexx_py
[0.554s] Installing vision_node script to /home/kifelix/alexx_ws/install/alexx_py/lib/alexx_py
[0.554s] 
[0.554s] Installed /home/kifelix/alexx_ws/build/alexx_py
[0.554s] running symlink_data
[0.569s] Invoked command in '/home/kifelix/alexx_ws/build/alexx_py' returned '0': PYTHONPATH=/home/kifelix/alexx_ws/build/alexx_py/prefix_override:/usr/lib/python3/dist-packages/colcon_core/task/python/colcon_distutils_commands:/home/kifelix/alexx_ws/install/alexx_py/lib/python3.10/site-packages:${PYTHONPATH} /usr/bin/python3 -W ignore:setup.py install is deprecated -W ignore:easy_install command is deprecated setup.py develop --editable --build-directory /home/kifelix/alexx_ws/build/alexx_py/build --no-deps symlink_data
