[0.663s] Invoking command in '/home/kifelix/alexx_ws/build/alexx_py': PYTHONPATH=/home/kifelix/alexx_ws/build/alexx_py/prefix_override:/usr/lib/python3/dist-packages/colcon_core/task/python/colcon_distutils_commands:/home/kifelix/alexx_ws/install/alexx_py/lib/python3.10/site-packages:${PYTHONPATH} /usr/bin/python3 -W ignore:setup.py install is deprecated -W ignore:easy_install command is deprecated setup.py develop --editable --build-directory /home/kifelix/alexx_ws/build/alexx_py/build --no-deps symlink_data
[0.799s] running develop
[0.870s] running egg_info
[0.870s] creating alexx_py.egg-info
[0.870s] writing alexx_py.egg-info/PKG-INFO
[0.870s] writing dependency_links to alexx_py.egg-info/dependency_links.txt
[0.870s] writing entry points to alexx_py.egg-info/entry_points.txt
[0.871s] writing requirements to alexx_py.egg-info/requires.txt
[0.871s] writing top-level names to alexx_py.egg-info/top_level.txt
[0.871s] writing manifest file 'alexx_py.egg-info/SOURCES.txt'
[0.871s] reading manifest file 'alexx_py.egg-info/SOURCES.txt'
[0.872s] writing manifest file 'alexx_py.egg-info/SOURCES.txt'
[0.872s] running build_ext
[0.873s] Creating /home/kifelix/alexx_ws/install/alexx_py/lib/python3.10/site-packages/alexx-py.egg-link (link to .)
[0.873s] Installing rota1_teste script to /home/kifelix/alexx_ws/install/alexx_py/lib/alexx_py
[0.873s] 
[0.873s] Installed /home/kifelix/alexx_ws/build/alexx_py
[0.873s] running symlink_data
[0.873s] creating /home/kifelix/alexx_ws/install/alexx_py/share/ament_index
[0.873s] creating /home/kifelix/alexx_ws/install/alexx_py/share/ament_index/resource_index
[0.873s] creating /home/kifelix/alexx_ws/install/alexx_py/share/ament_index/resource_index/packages
[0.873s] symbolically linking /home/kifelix/alexx_ws/build/alexx_py/resource/alexx_py -> /home/kifelix/alexx_ws/install/alexx_py/share/ament_index/resource_index/packages
[0.873s] symbolically linking /home/kifelix/alexx_ws/build/alexx_py/package.xml -> /home/kifelix/alexx_ws/install/alexx_py/share/alexx_py
[0.873s] creating /home/kifelix/alexx_ws/install/alexx_py/share/alexx_py/launch
[0.873s] symbolically linking /home/kifelix/alexx_ws/build/alexx_py/launch/alexx_launch.py -> /home/kifelix/alexx_ws/install/alexx_py/share/alexx_py/launch
[0.873s] symbolically linking /home/kifelix/alexx_ws/build/alexx_py/launch/alexx_launch_bridge_ruskita.py -> /home/kifelix/alexx_ws/install/alexx_py/share/alexx_py/launch
[0.873s] symbolically linking /home/kifelix/alexx_ws/build/alexx_py/launch/alexx_launch_bridge.py -> /home/kifelix/alexx_ws/install/alexx_py/share/alexx_py/launch
[0.887s] Invoked command in '/home/kifelix/alexx_ws/build/alexx_py' returned '0': PYTHONPATH=/home/kifelix/alexx_ws/build/alexx_py/prefix_override:/usr/lib/python3/dist-packages/colcon_core/task/python/colcon_distutils_commands:/home/kifelix/alexx_ws/install/alexx_py/lib/python3.10/site-packages:${PYTHONPATH} /usr/bin/python3 -W ignore:setup.py install is deprecated -W ignore:easy_install command is deprecated setup.py develop --editable --build-directory /home/kifelix/alexx_ws/build/alexx_py/build --no-deps symlink_data
