running develop
Removing /home/kifelix/alexx_ws/install/alexx_py/lib/python3.10/site-packages/alexx-py.egg-link (link to .)
running egg_info
writing ../../build/alexx_py/alexx_py.egg-info/PKG-INFO
writing dependency_links to ../../build/alexx_py/alexx_py.egg-info/dependency_links.txt
writing entry points to ../../build/alexx_py/alexx_py.egg-info/entry_points.txt
writing requirements to ../../build/alexx_py/alexx_py.egg-info/requires.txt
writing top-level names to ../../build/alexx_py/alexx_py.egg-info/top_level.txt
reading manifest file '../../build/alexx_py/alexx_py.egg-info/SOURCES.txt'
writing manifest file '../../build/alexx_py/alexx_py.egg-info/SOURCES.txt'
running build
running build_py
running install
running install_lib
creating /home/kifelix/alexx_ws/install/alexx_py/lib/python3.10/site-packages/alexx_py
copying /home/kifelix/alexx_ws/build/alexx_py/build/lib/alexx_py/rota1_teste_odom_2.py -> /home/kifelix/alexx_ws/install/alexx_py/lib/python3.10/site-packages/alexx_py
copying /home/kifelix/alexx_ws/build/alexx_py/build/lib/alexx_py/__init__.py -> /home/kifelix/alexx_ws/install/alexx_py/lib/python3.10/site-packages/alexx_py
copying /home/kifelix/alexx_ws/build/alexx_py/build/lib/alexx_py/rota1_teste.py -> /home/kifelix/alexx_ws/install/alexx_py/lib/python3.10/site-packages/alexx_py
copying /home/kifelix/alexx_ws/build/alexx_py/build/lib/alexx_py/rota1_teste_odom.py -> /home/kifelix/alexx_ws/install/alexx_py/lib/python3.10/site-packages/alexx_py
byte-compiling /home/kifelix/alexx_ws/install/alexx_py/lib/python3.10/site-packages/alexx_py/rota1_teste_odom_2.py to rota1_teste_odom_2.cpython-310.pyc
byte-compiling /home/kifelix/alexx_ws/install/alexx_py/lib/python3.10/site-packages/alexx_py/__init__.py to __init__.cpython-310.pyc
byte-compiling /home/kifelix/alexx_ws/install/alexx_py/lib/python3.10/site-packages/alexx_py/rota1_teste.py to rota1_teste.cpython-310.pyc
byte-compiling /home/kifelix/alexx_ws/install/alexx_py/lib/python3.10/site-packages/alexx_py/rota1_teste_odom.py to rota1_teste_odom.cpython-310.pyc
running install_data
copying resource/alexx_py -> /home/kifelix/alexx_ws/install/alexx_py/share/ament_index/resource_index/packages
copying package.xml -> /home/kifelix/alexx_ws/install/alexx_py/share/alexx_py
copying launch/alexx_launch.py -> /home/kifelix/alexx_ws/install/alexx_py/share/alexx_py/launch
copying launch/alexx_launch_bridge_ruskita.py -> /home/kifelix/alexx_ws/install/alexx_py/share/alexx_py/launch
copying launch/alexx_launch_bridge.py -> /home/kifelix/alexx_ws/install/alexx_py/share/alexx_py/launch
running install_egg_info
Copying ../../build/alexx_py/alexx_py.egg-info to /home/kifelix/alexx_ws/install/alexx_py/lib/python3.10/site-packages/alexx_py-0.0.0-py3.10.egg-info
running install_scripts
Installing rota1_teste script to /home/kifelix/alexx_ws/install/alexx_py/lib/alexx_py
Installing rota1_teste_odom script to /home/kifelix/alexx_ws/install/alexx_py/lib/alexx_py
Installing rota1_teste_odom_2 script to /home/kifelix/alexx_ws/install/alexx_py/lib/alexx_py
writing list of installed files to '/home/kifelix/alexx_ws/build/alexx_py/install.log'
