[0.368s] Invoking command in '/home/kifelix/alexx_ws/build/alexx_py': PYTHONPATH=/home/kifelix/alexx_ws/build/alexx_py/prefix_override:/usr/lib/python3/dist-packages/colcon_core/task/python/colcon_distutils_commands:/home/kifelix/alexx_ws/install/alexx_py/lib/python3.10/site-packages:${PYTHONPATH} /usr/bin/python3 -W ignore:setup.py install is deprecated -W ignore:easy_install command is deprecated setup.py develop --uninstall --editable --build-directory /home/kifelix/alexx_ws/build/alexx_py/build
[0.506s] running develop
[0.585s] Removing /home/kifelix/alexx_ws/install/alexx_py/lib/python3.10/site-packages/alexx-py.egg-link (link to .)
[0.603s] Invoked command in '/home/kifelix/alexx_ws/build/alexx_py' returned '0': PYTHONPATH=/home/kifelix/alexx_ws/build/alexx_py/prefix_override:/usr/lib/python3/dist-packages/colcon_core/task/python/colcon_distutils_commands:/home/kifelix/alexx_ws/install/alexx_py/lib/python3.10/site-packages:${PYTHONPATH} /usr/bin/python3 -W ignore:setup.py install is deprecated -W ignore:easy_install command is deprecated setup.py develop --uninstall --editable --build-directory /home/kifelix/alexx_ws/build/alexx_py/build
[0.604s] Invoking command in '/home/kifelix/alexx_ws/src/alexx_py': PYTHONPATH=/home/kifelix/alexx_ws/build/alexx_py/prefix_override:/usr/lib/python3/dist-packages/colcon_core/task/python/colcon_distutils_commands:/home/kifelix/alexx_ws/install/alexx_py/lib/python3.10/site-packages:${PYTHONPATH} /usr/bin/python3 -W ignore:setup.py install is deprecated -W ignore:easy_install command is deprecated setup.py egg_info --egg-base ../../build/alexx_py build --build-base /home/kifelix/alexx_ws/build/alexx_py/build install --record /home/kifelix/alexx_ws/build/alexx_py/install.log --single-version-externally-managed install_data --force
[0.770s] running egg_info
[0.770s] writing ../../build/alexx_py/alexx_py.egg-info/PKG-INFO
[0.770s] writing dependency_links to ../../build/alexx_py/alexx_py.egg-info/dependency_links.txt
[0.770s] writing entry points to ../../build/alexx_py/alexx_py.egg-info/entry_points.txt
[0.770s] writing requirements to ../../build/alexx_py/alexx_py.egg-info/requires.txt
[0.770s] writing top-level names to ../../build/alexx_py/alexx_py.egg-info/top_level.txt
[0.772s] reading manifest file '../../build/alexx_py/alexx_py.egg-info/SOURCES.txt'
[0.772s] writing manifest file '../../build/alexx_py/alexx_py.egg-info/SOURCES.txt'
[0.772s] running build
[0.772s] running build_py
[0.772s] running install
[0.773s] running install_lib
[0.773s] creating /home/kifelix/alexx_ws/install/alexx_py/lib/python3.10/site-packages/alexx_py
[0.773s] copying /home/kifelix/alexx_ws/build/alexx_py/build/lib/alexx_py/rota1_teste_odom_2.py -> /home/kifelix/alexx_ws/install/alexx_py/lib/python3.10/site-packages/alexx_py
[0.773s] copying /home/kifelix/alexx_ws/build/alexx_py/build/lib/alexx_py/__init__.py -> /home/kifelix/alexx_ws/install/alexx_py/lib/python3.10/site-packages/alexx_py
[0.773s] copying /home/kifelix/alexx_ws/build/alexx_py/build/lib/alexx_py/rota1_teste.py -> /home/kifelix/alexx_ws/install/alexx_py/lib/python3.10/site-packages/alexx_py
[0.773s] copying /home/kifelix/alexx_ws/build/alexx_py/build/lib/alexx_py/rota1_teste_odom.py -> /home/kifelix/alexx_ws/install/alexx_py/lib/python3.10/site-packages/alexx_py
[0.774s] byte-compiling /home/kifelix/alexx_ws/install/alexx_py/lib/python3.10/site-packages/alexx_py/rota1_teste_odom_2.py to rota1_teste_odom_2.cpython-310.pyc
[0.774s] byte-compiling /home/kifelix/alexx_ws/install/alexx_py/lib/python3.10/site-packages/alexx_py/__init__.py to __init__.cpython-310.pyc
[0.774s] byte-compiling /home/kifelix/alexx_ws/install/alexx_py/lib/python3.10/site-packages/alexx_py/rota1_teste.py to rota1_teste.cpython-310.pyc
[0.775s] byte-compiling /home/kifelix/alexx_ws/install/alexx_py/lib/python3.10/site-packages/alexx_py/rota1_teste_odom.py to rota1_teste_odom.cpython-310.pyc
[0.775s] running install_data
[0.775s] copying resource/alexx_py -> /home/kifelix/alexx_ws/install/alexx_py/share/ament_index/resource_index/packages
[0.775s] copying package.xml -> /home/kifelix/alexx_ws/install/alexx_py/share/alexx_py
[0.775s] copying launch/alexx_launch.py -> /home/kifelix/alexx_ws/install/alexx_py/share/alexx_py/launch
[0.775s] copying launch/alexx_launch_bridge_ruskita.py -> /home/kifelix/alexx_ws/install/alexx_py/share/alexx_py/launch
[0.776s] copying launch/alexx_launch_bridge.py -> /home/kifelix/alexx_ws/install/alexx_py/share/alexx_py/launch
[0.776s] running install_egg_info
[0.777s] Copying ../../build/alexx_py/alexx_py.egg-info to /home/kifelix/alexx_ws/install/alexx_py/lib/python3.10/site-packages/alexx_py-0.0.0-py3.10.egg-info
[0.777s] running install_scripts
[0.796s] Installing rota1_teste script to /home/kifelix/alexx_ws/install/alexx_py/lib/alexx_py
[0.796s] Installing rota1_teste_odom script to /home/kifelix/alexx_ws/install/alexx_py/lib/alexx_py
[0.796s] Installing rota1_teste_odom_2 script to /home/kifelix/alexx_ws/install/alexx_py/lib/alexx_py
[0.796s] writing list of installed files to '/home/kifelix/alexx_ws/build/alexx_py/install.log'
[0.809s] Invoked command in '/home/kifelix/alexx_ws/src/alexx_py' returned '0': PYTHONPATH=/home/kifelix/alexx_ws/build/alexx_py/prefix_override:/usr/lib/python3/dist-packages/colcon_core/task/python/colcon_distutils_commands:/home/kifelix/alexx_ws/install/alexx_py/lib/python3.10/site-packages:${PYTHONPATH} /usr/bin/python3 -W ignore:setup.py install is deprecated -W ignore:easy_install command is deprecated setup.py egg_info --egg-base ../../build/alexx_py build --build-base /home/kifelix/alexx_ws/build/alexx_py/build install --record /home/kifelix/alexx_ws/build/alexx_py/install.log --single-version-externally-managed install_data --force
