running egg_info
writing ../../build/alexx_py/alexx_py.egg-info/PKG-INFO
writing dependency_links to ../../build/alexx_py/alexx_py.egg-info/dependency_links.txt
writing entry points to ../../build/alexx_py/alexx_py.egg-info/entry_points.txt
writing requirements to ../../build/alexx_py/alexx_py.egg-info/requires.txt
writing top-level names to ../../build/alexx_py/alexx_py.egg-info/top_level.txt
reading manifest file '../../build/alexx_py/alexx_py.egg-info/SOURCES.txt'
writing manifest file '../../build/alexx_py/alexx_py.egg-info/SOURCES.txt'
running build
running build_py
copying alexx_py/vision_node.py -> /home/kifelix/alexx_ws/build/alexx_py/build/lib/alexx_py
running install
running install_lib
copying /home/kifelix/alexx_ws/build/alexx_py/build/lib/alexx_py/vision_node.py -> /home/kifelix/alexx_ws/install/alexx_py/lib/python3.10/site-packages/alexx_py
byte-compiling /home/kifelix/alexx_ws/install/alexx_py/lib/python3.10/site-packages/alexx_py/vision_node.py to vision_node.cpython-310.pyc
Sorry: TabError: inconsistent use of tabs and spaces in indentation (vision_node.py, line 29)
running install_data
running install_egg_info
removing '/home/kifelix/alexx_ws/install/alexx_py/lib/python3.10/site-packages/alexx_py-0.0.0-py3.10.egg-info' (and everything under it)
Copying ../../build/alexx_py/alexx_py.egg-info to /home/kifelix/alexx_ws/install/alexx_py/lib/python3.10/site-packages/alexx_py-0.0.0-py3.10.egg-info
running install_scripts
Installing rota1_teste script to /home/kifelix/alexx_ws/install/alexx_py/lib/alexx_py
Installing rota1_teste_odom script to /home/kifelix/alexx_ws/install/alexx_py/lib/alexx_py
Installing rota1_teste_odom_2 script to /home/kifelix/alexx_ws/install/alexx_py/lib/alexx_py
Installing vision_node script to /home/kifelix/alexx_ws/install/alexx_py/lib/alexx_py
writing list of installed files to '/home/kifelix/alexx_ws/build/alexx_py/install.log'
