[0.731s] Invoking command in '/home/kifelix/alexx_ws/src/alexx_py': PYTHONPATH=/home/kifelix/alexx_ws/build/alexx_py/prefix_override:/usr/lib/python3/dist-packages/colcon_core/task/python/colcon_distutils_commands:/home/kifelix/alexx_ws/install/alexx_py/lib/python3.10/site-packages:${PYTHONPATH} /usr/bin/python3 -W ignore:setup.py install is deprecated -W ignore:easy_install command is deprecated setup.py egg_info --egg-base ../../build/alexx_py build --build-base /home/kifelix/alexx_ws/build/alexx_py/build install --record /home/kifelix/alexx_ws/build/alexx_py/install.log --single-version-externally-managed install_data
[0.865s] running egg_info
[0.865s] writing ../../build/alexx_py/alexx_py.egg-info/PKG-INFO
[0.866s] writing dependency_links to ../../build/alexx_py/alexx_py.egg-info/dependency_links.txt
[0.866s] writing entry points to ../../build/alexx_py/alexx_py.egg-info/entry_points.txt
[0.866s] writing requirements to ../../build/alexx_py/alexx_py.egg-info/requires.txt
[0.866s] writing top-level names to ../../build/alexx_py/alexx_py.egg-info/top_level.txt
[0.867s] reading manifest file '../../build/alexx_py/alexx_py.egg-info/SOURCES.txt'
[0.867s] writing manifest file '../../build/alexx_py/alexx_py.egg-info/SOURCES.txt'
[0.867s] running build
[0.868s] running build_py
[0.869s] copying alexx_py/vision_node.py -> /home/kifelix/alexx_ws/build/alexx_py/build/lib/alexx_py
[0.869s] running install
[0.870s] running install_lib
[0.870s] copying /home/kifelix/alexx_ws/build/alexx_py/build/lib/alexx_py/vision_node.py -> /home/kifelix/alexx_ws/install/alexx_py/lib/python3.10/site-packages/alexx_py
[0.871s] byte-compiling /home/kifelix/alexx_ws/install/alexx_py/lib/python3.10/site-packages/alexx_py/vision_node.py to vision_node.cpython-310.pyc
[0.871s] Sorry: TabError: inconsistent use of tabs and spaces in indentation (vision_node.py, line 29)
[0.871s] running install_data
[0.872s] running install_egg_info
[0.873s] removing '/home/kifelix/alexx_ws/install/alexx_py/lib/python3.10/site-packages/alexx_py-0.0.0-py3.10.egg-info' (and everything under it)
[0.873s] Copying ../../build/alexx_py/alexx_py.egg-info to /home/kifelix/alexx_ws/install/alexx_py/lib/python3.10/site-packages/alexx_py-0.0.0-py3.10.egg-info
[0.874s] running install_scripts
[0.885s] Installing rota1_teste script to /home/kifelix/alexx_ws/install/alexx_py/lib/alexx_py
[0.885s] Installing rota1_teste_odom script to /home/kifelix/alexx_ws/install/alexx_py/lib/alexx_py
[0.885s] Installing rota1_teste_odom_2 script to /home/kifelix/alexx_ws/install/alexx_py/lib/alexx_py
[0.885s] Installing vision_node script to /home/kifelix/alexx_ws/install/alexx_py/lib/alexx_py
[0.885s] writing list of installed files to '/home/kifelix/alexx_ws/build/alexx_py/install.log'
[0.898s] Invoked command in '/home/kifelix/alexx_ws/src/alexx_py' returned '0': PYTHONPATH=/home/kifelix/alexx_ws/build/alexx_py/prefix_override:/usr/lib/python3/dist-packages/colcon_core/task/python/colcon_distutils_commands:/home/kifelix/alexx_ws/install/alexx_py/lib/python3.10/site-packages:${PYTHONPATH} /usr/bin/python3 -W ignore:setup.py install is deprecated -W ignore:easy_install command is deprecated setup.py egg_info --egg-base ../../build/alexx_py build --build-base /home/kifelix/alexx_ws/build/alexx_py/build install --record /home/kifelix/alexx_ws/build/alexx_py/install.log --single-version-externally-managed install_data
