/home/kifelix/alexx_ws/install/alexx_py/lib/python3.10/site-packages/alexx_py/rota1_teste_odom_2.py
/home/kifelix/alexx_ws/install/alexx_py/lib/python3.10/site-packages/alexx_py/vision_node.py
/home/kifelix/alexx_ws/install/alexx_py/lib/python3.10/site-packages/alexx_py/__init__.py
/home/kifelix/alexx_ws/install/alexx_py/lib/python3.10/site-packages/alexx_py/rota1_teste.py
/home/kifelix/alexx_ws/install/alexx_py/lib/python3.10/site-packages/alexx_py/rota1_teste_odom.py
/home/kifelix/alexx_ws/install/alexx_py/lib/python3.10/site-packages/alexx_py/__pycache__/rota1_teste_odom_2.cpython-310.pyc
/home/kifelix/alexx_ws/install/alexx_py/lib/python3.10/site-packages/alexx_py/__pycache__/vision_node.cpython-310.pyc
/home/kifelix/alexx_ws/install/alexx_py/lib/python3.10/site-packages/alexx_py/__pycache__/__init__.cpython-310.pyc
/home/kifelix/alexx_ws/install/alexx_py/lib/python3.10/site-packages/alexx_py/__pycache__/rota1_teste.cpython-310.pyc
/home/kifelix/alexx_ws/install/alexx_py/lib/python3.10/site-packages/alexx_py/__pycache__/rota1_teste_odom.cpython-310.pyc
/home/kifelix/alexx_ws/install/alexx_py/share/ament_index/resource_index/packages/alexx_py
/home/kifelix/alexx_ws/install/alexx_py/share/alexx_py/package.xml
/home/kifelix/alexx_ws/install/alexx_py/share/alexx_py/launch/alexx_launch.py
/home/kifelix/alexx_ws/install/alexx_py/share/alexx_py/launch/alexx_launch_bridge_ruskita.py
/home/kifelix/alexx_ws/install/alexx_py/share/alexx_py/launch/alexx_launch_bridge.py
/home/kifelix/alexx_ws/install/alexx_py/lib/python3.10/site-packages/alexx_py-0.0.0-py3.10.egg-info/requires.txt
/home/kifelix/alexx_ws/install/alexx_py/lib/python3.10/site-packages/alexx_py-0.0.0-py3.10.egg-info/dependency_links.txt
/home/kifelix/alexx_ws/install/alexx_py/lib/python3.10/site-packages/alexx_py-0.0.0-py3.10.egg-info/top_level.txt
/home/kifelix/alexx_ws/install/alexx_py/lib/python3.10/site-packages/alexx_py-0.0.0-py3.10.egg-info/entry_points.txt
/home/kifelix/alexx_ws/install/alexx_py/lib/python3.10/site-packages/alexx_py-0.0.0-py3.10.egg-info/zip-safe
/home/kifelix/alexx_ws/install/alexx_py/lib/python3.10/site-packages/alexx_py-0.0.0-py3.10.egg-info/SOURCES.txt
/home/kifelix/alexx_ws/install/alexx_py/lib/python3.10/site-packages/alexx_py-0.0.0-py3.10.egg-info/PKG-INFO
/home/kifelix/alexx_ws/install/alexx_py/lib/alexx_py/rota1_teste
/home/kifelix/alexx_ws/install/alexx_py/lib/alexx_py/rota1_teste_odom
/home/kifelix/alexx_ws/install/alexx_py/lib/alexx_py/rota1_teste_odom_2
/home/kifelix/alexx_ws/install/alexx_py/lib/alexx_py/vision_node
